#
# There is insufficient memory for the Java Runtime Environment to continue.
# Native memory allocation (mmap) failed to map 805306368 bytes. Error detail: G1 virtual space
# Possible reasons:
#   The system is out of physical RAM or swap space
#   This process is running with CompressedOops enabled, and the Java Heap may be blocking the growth of the native heap
# Possible solutions:
#   Reduce memory load on the system
#   Increase physical memory or swap space
#   Check if swap backing store is full
#   Decrease Java heap size (-Xmx/-Xms)
#   Decrease number of Java threads
#   Decrease Java thread stack sizes (-Xss)
#   Set larger code cache with -XX:ReservedCodeCacheSize=
#   JVM is running with Zero Based Compressed Oops mode in which the Java heap is
#     placed in the first 32GB address space. The Java Heap base address is the
#     maximum limit for the native heap growth. Please use -XX:HeapBaseMinAddress
#     to set the Java Heap base and to place the Java Heap above 32GB virtual address.
# This output file may be truncated or incomplete.
#
#  Out of Memory Error (os_windows.cpp:3678), pid=72388, tid=49088
#
# JRE version:  (17.0.12+7) (build )
# Java VM: OpenJDK 64-Bit Server VM (17.0.12+7-LTS, mixed mode, sharing, tiered, compressed oops, compressed class ptrs, g1 gc, windows-amd64)
# No core dump will be written. Minidumps are not enabled by default on client versions of Windows
#

---------------  S U M M A R Y ------------

Command Line: 

Host: 13th Gen Intel(R) Core(TM) i9-13900K, 32 cores, 47G,  Windows 11 , 64 bit Build 22621 (10.0.22621.4391)
Time: Sat Dec 28 15:07:27 2024 Eastern Standard Time elapsed time: 0.023935 seconds (0d 0h 0m 0s)

---------------  T H R E A D  ---------------

Current thread (0x000002429ddaa810):  JavaThread "Unknown thread" [_thread_in_vm, id=49088, stack(0x0000008574500000,0x0000008574600000)]

Stack: [0x0000008574500000,0x0000008574600000]
Native frames: (J=compiled Java code, j=interpreted, Vv=VM code, C=native code)
V  [jvm.dll+0x686d99]
V  [jvm.dll+0x83daf8]
V  [jvm.dll+0x83f5a3]
V  [jvm.dll+0x83fc13]
V  [jvm.dll+0x2492ef]
V  [jvm.dll+0x683dd9]
V  [jvm.dll+0x6782fa]
V  [jvm.dll+0x30a797]
V  [jvm.dll+0x311d06]
V  [jvm.dll+0x36252e]
V  [jvm.dll+0x36276d]
V  [jvm.dll+0x2e1a9c]
V  [jvm.dll+0x2e29b4]
V  [jvm.dll+0x80faab]
V  [jvm.dll+0x370241]
V  [jvm.dll+0x7ee6bf]
V  [jvm.dll+0x3f6ccf]
V  [jvm.dll+0x3f87f1]
C  [jli.dll+0x5284]
C  [ucrtbase.dll+0x29333]
C  [KERNEL32.DLL+0x1259d]
C  [ntdll.dll+0x5af38]


---------------  P R O C E S S  ---------------

Threads class SMR info:
_java_thread_list=0x00007ffee8accf98, length=0, elements={
}

Java Threads: ( => current thread )

Other Threads:
  0x00000242d2280290 GCTaskThread "GC Thread#0" [stack: 0x0000008574600000,0x0000008574700000] [id=59136]
  0x000002429de457e0 ConcurrentGCThread "G1 Main Marker" [stack: 0x0000008574700000,0x0000008574800000] [id=39864]
  0x000002429de46200 ConcurrentGCThread "G1 Conc#0" [stack: 0x0000008574800000,0x0000008574900000] [id=90628]

[error occurred during error reporting (printing all threads), id 0xc0000005, EXCEPTION_ACCESS_VIOLATION (0xc0000005) at pc=0x00007ffee82825b7]

VM state: not at safepoint (not fully initialized)

VM Mutex/Monitor currently owned by a thread:  ([mutex/lock_event])
[0x000002429dda4e20] Heap_lock - owner thread: 0x000002429ddaa810

Heap address: 0x0000000504800000, size: 12216 MB, Compressed Oops mode: Zero based, Oop shift amount: 3

CDS archive(s) mapped at: [0x0000000000000000-0x0000000000000000-0x0000000000000000), size 0, SharedBaseAddress: 0x0000000800000000, ArchiveRelocationMode: 1.
Narrow klass base: 0x0000000000000000, Narrow klass shift: 0, Narrow klass range: 0x0

GC Precious Log:
<Empty>

Heap:
 garbage-first heap   total 0K, used 0K [0x0000000504800000, 0x0000000800000000)
  region size 8192K, 0 young (0K), 0 survivors (0K)

[error occurred during error reporting (printing heap information), id 0xc0000005, EXCEPTION_ACCESS_VIOLATION (0xc0000005) at pc=0x00007ffee8670a39]

GC Heap History (0 events):
No events

Dll operation events (1 events):
Event: 0.013 Loaded shared library C:\Program Files (x86)\Android\openjdk\jdk-17.0.12\bin\java.dll

Deoptimization events (0 events):
No events

Classes loaded (0 events):
No events

Classes unloaded (0 events):
No events

Classes redefined (0 events):
No events

Internal exceptions (0 events):
No events

VM Operations (0 events):
No events

Events (0 events):
No events


Dynamic libraries:
0x00007ff659610000 - 0x00007ff65961e000 	C:\Program Files (x86)\Android\openjdk\jdk-17.0.12\bin\java.exe
0x00007ff8a27d0000 - 0x00007ff8a29e7000 	C:\WINDOWS\SYSTEM32\ntdll.dll
0x00007ff8a0600000 - 0x00007ff8a06c4000 	C:\WINDOWS\System32\KERNEL32.DLL
0x00007ff89ffb0000 - 0x00007ff8a036a000 	C:\WINDOWS\System32\KERNELBASE.dll
0x00007ff89fb50000 - 0x00007ff89fc61000 	C:\WINDOWS\System32\ucrtbase.dll
0x00007ff85f170000 - 0x00007ff85f18d000 	C:\Program Files (x86)\Android\openjdk\jdk-17.0.12\bin\VCRUNTIME140.dll
0x00007ff8547b0000 - 0x00007ff8547c7000 	C:\Program Files (x86)\Android\openjdk\jdk-17.0.12\bin\jli.dll
0x00007ff8a15e0000 - 0x00007ff8a178e000 	C:\WINDOWS\System32\USER32.dll
0x00007ff89fd90000 - 0x00007ff89fdb6000 	C:\WINDOWS\System32\win32u.dll
0x00007ff88a5c0000 - 0x00007ff88a852000 	C:\WINDOWS\WinSxS\amd64_microsoft.windows.common-controls_6595b64144ccf1df_6.0.22621.4541_none_2710d1c57384c085\COMCTL32.dll
0x00007ff8a1d50000 - 0x00007ff8a1d79000 	C:\WINDOWS\System32\GDI32.dll
0x00007ff8a0ab0000 - 0x00007ff8a0b57000 	C:\WINDOWS\System32\msvcrt.dll
0x00007ff89fc70000 - 0x00007ff89fd8b000 	C:\WINDOWS\System32\gdi32full.dll
0x00007ff8a0430000 - 0x00007ff8a04ca000 	C:\WINDOWS\System32\msvcp_win.dll
0x00007ff8a0a70000 - 0x00007ff8a0aa1000 	C:\WINDOWS\System32\IMM32.DLL
0x00007ff8783f0000 - 0x00007ff8783fc000 	C:\Program Files (x86)\Android\openjdk\jdk-17.0.12\bin\vcruntime140_1.dll
0x00007ff84b880000 - 0x00007ff84b90d000 	C:\Program Files (x86)\Android\openjdk\jdk-17.0.12\bin\msvcp140.dll
0x00007ffee7f90000 - 0x00007ffee8c00000 	C:\Program Files (x86)\Android\openjdk\jdk-17.0.12\bin\server\jvm.dll
0x00007ff8a0540000 - 0x00007ff8a05f2000 	C:\WINDOWS\System32\ADVAPI32.dll
0x00007ff8a1790000 - 0x00007ff8a1837000 	C:\WINDOWS\System32\sechost.dll
0x00007ff89fb20000 - 0x00007ff89fb48000 	C:\WINDOWS\System32\bcrypt.dll
0x00007ff8a12f0000 - 0x00007ff8a1404000 	C:\WINDOWS\System32\RPCRT4.dll
0x00007ff8a2710000 - 0x00007ff8a2781000 	C:\WINDOWS\System32\WS2_32.dll
0x00007ff89e8f0000 - 0x00007ff89e93d000 	C:\WINDOWS\SYSTEM32\POWRPROF.dll
0x00007ff895000000 - 0x00007ff895034000 	C:\WINDOWS\SYSTEM32\WINMM.dll
0x00007ff896d50000 - 0x00007ff896d5a000 	C:\WINDOWS\SYSTEM32\VERSION.dll
0x00007ff89e8d0000 - 0x00007ff89e8e3000 	C:\WINDOWS\SYSTEM32\UMPDC.dll
0x00007ff89eb90000 - 0x00007ff89eba8000 	C:\WINDOWS\SYSTEM32\kernel.appcore.dll
0x00007ff877ca0000 - 0x00007ff877caa000 	C:\Program Files (x86)\Android\openjdk\jdk-17.0.12\bin\jimage.dll
0x00007ff89d430000 - 0x00007ff89d662000 	C:\WINDOWS\SYSTEM32\DBGHELP.DLL
0x00007ff8a06e0000 - 0x00007ff8a0a6f000 	C:\WINDOWS\System32\combase.dll
0x00007ff8a11b0000 - 0x00007ff8a1287000 	C:\WINDOWS\System32\OLEAUT32.dll
0x00007ff884840000 - 0x00007ff884872000 	C:\WINDOWS\SYSTEM32\dbgcore.DLL
0x00007ff89faa0000 - 0x00007ff89fb1b000 	C:\WINDOWS\System32\bcryptPrimitives.dll
0x00007ff84e700000 - 0x00007ff84e725000 	C:\Program Files (x86)\Android\openjdk\jdk-17.0.12\bin\java.dll

dbghelp: loaded successfully - version: 4.0.5 - missing functions: none
symbol engine: initialized successfully - sym options: 0x614 - pdb path: .;C:\Program Files (x86)\Android\openjdk\jdk-17.0.12\bin;C:\WINDOWS\SYSTEM32;C:\WINDOWS\WinSxS\amd64_microsoft.windows.common-controls_6595b64144ccf1df_6.0.22621.4541_none_2710d1c57384c085;C:\Program Files (x86)\Android\openjdk\jdk-17.0.12\bin\server

VM Arguments:
java_command: <unknown>
java_class_path (initial): <not set>
Launcher Type: SUN_STANDARD

[Global flags]
     intx CICompilerCount                          = 15                                        {product} {ergonomic}
     uint ConcGCThreads                            = 6                                         {product} {ergonomic}
     uint G1ConcRefinementThreads                  = 23                                        {product} {ergonomic}
   size_t G1HeapRegionSize                         = 8388608                                   {product} {ergonomic}
    uintx GCDrainStackTargetSize                   = 64                                        {product} {ergonomic}
   size_t InitialHeapSize                          = 805306368                                 {product} {ergonomic}
   size_t MarkStackSize                            = 4194304                                   {product} {ergonomic}
   size_t MaxHeapSize                              = 12809404416                               {product} {ergonomic}
   size_t MinHeapDeltaBytes                        = 8388608                                   {product} {ergonomic}
   size_t MinHeapSize                              = 8388608                                   {product} {ergonomic}
    uintx NonNMethodCodeHeapSize                   = 8192380                                {pd product} {ergonomic}
    uintx NonProfiledCodeHeapSize                  = 121732930                              {pd product} {ergonomic}
    uintx ProfiledCodeHeapSize                     = 121732930                              {pd product} {ergonomic}
    uintx ReservedCodeCacheSize                    = 251658240                              {pd product} {ergonomic}
     bool SegmentedCodeCache                       = true                                      {product} {ergonomic}
   size_t SoftMaxHeapSize                          = 12809404416                            {manageable} {ergonomic}
     bool UseCompressedClassPointers               = true                           {product lp64_product} {ergonomic}
     bool UseCompressedOops                        = true                           {product lp64_product} {ergonomic}
     bool UseG1GC                                  = true                                      {product} {ergonomic}
     bool UseLargePagesIndividualAllocation        = false                                  {pd product} {ergonomic}

Logging:
Log output configuration:
 #0: stdout all=warning uptime,level,tags
 #1: stderr all=off uptime,level,tags

Environment Variables:
PATH=C:\Program Files (x86)\Android\openjdk\jdk-17.0.12\bin;C:\Program Files (x86)\NVIDIA Corporation\PhysX\Common;C:\Program Files (x86)\Razer Chroma SDK\bin;C:\Program Files\Razer Chroma SDK\bin;C:\Program Files (x86)\Razer\ChromaBroadcast\bin;C:\Program Files\Razer\ChromaBroadcast\bin;C:\Program Files (x86)\Common Files\Intel\Shared Libraries\redist\intel64\compiler;C:\Program Files\Microsoft\jdk-11.0.16.101-hotspot\bin;C:\WINDOWS\system32;C:\WINDOWS;C:\WINDOWS\System32\Wbem;C:\WINDOWS\System32\WindowsPowerShell\v1.0\;C:\WINDOWS\System32\OpenSSH\;C:\Program Files\Microsoft SQL Server\150\Tools\Binn\;C:\Program Files\Microsoft SQL Server\Client SDK\ODBC\170\Tools\Binn\;C:\Program Files\dotnet\;C:\Users\hallam\AppData\Local\Microsoft\WindowsApps;C:\Users\hallam\.dotnet\tools;C:\Users\hallam\Tools;C:\Users\hallam\.dnx\bin;C:\WINDOWS\system32\config\systemprofile\AppData\Local\Microsoft\WindowsApps;C:\Program Files\TortoiseGit\bin;C:\Program Files\Git\cmd;C:\Program Files\Git LFS;C:\Program Files (x86)\Bitvise SSH Client;C:\Program Files (x86)\Windows Kits\8.1\Windows Performance Toolkit\;C:\Program Files\Go\bin;C:\ProgramData\chocolatey\bin;C:\Program Files\nodejs\;C:\Users\hallam\AppData\Local\Programs\Python\Python39\Scripts\;C:\Users\hallam\AppData\Local\Programs\Python\Python39\;C:\Users\hallam\AppData\Local\Microsoft\WindowsApps;C:\Users\hallam\Tools;C:\Users\hallam\.dnx\bin;C:\Tools\ghcup\bin;C:\Users\hallam\go\bin;C:\Users\hallam\AppData\Roaming\npm;C:\Users\hallam\.dotnet\tools
USERNAME=hallam
OS=Windows_NT
PROCESSOR_IDENTIFIER=Intel64 Family 6 Model 183 Stepping 1, GenuineIntel
TMP=C:\Users\hallam\AppData\Local\Temp
TEMP=C:\Users\hallam\AppData\Local\Temp



Periodic native trim disabled


---------------  S Y S T E M  ---------------

OS:
 Windows 11 , 64 bit Build 22621 (10.0.22621.4391)
OS uptime: 8 days 12:53 hours
Hyper-V role detected

CPU: total 32 (initial active 32) (16 cores per cpu, 2 threads per core) family 6 model 183 stepping 1 microcode 0x115, cx8, cmov, fxsr, ht, mmx, 3dnowpref, sse, sse2, sse3, ssse3, sse4.1, sse4.2, popcnt, lzcnt, tsc, tscinvbit, avx, avx2, aes, erms, clmul, bmi1, bmi2, adx, sha, fma, vzeroupper, clflush, clflushopt, clwb, hv
Processor Information for the first 32 processors :
  Max Mhz: 3000, Current Mhz: 3000, Mhz Limit: 3000

Memory: 4k page, system-wide physical 48859M (17424M free)
TotalPageFile size 196315M (AvailPageFile size 152M)
current process WorkingSet (physical memory assigned to process): 11M, peak: 11M
current process commit charge ("private bytes"): 91M, peak: 859M

vm_info: OpenJDK 64-Bit Server VM (17.0.12+7-LTS) for windows-amd64 JRE (17.0.12+7-LTS), built on Jul 16 2024 18:11:44 by "MicrosoftCorporation" with unknown MS VC++:1939

END.
