<?xml version="1.0" encoding="UTF-8"?>
<TestRun id="a8c66082-e63d-422c-91fe-fda65817d07e" name="Phillip@VOODOO 2013-07-01 22:32:21" runUser="Voodoo\Phillip" xmlns="http://microsoft.com/schemas/VisualStudio/TeamTest/2010">
  <TestSettings name="Default Test Settings" id="244281d1-ed6b-41ce-bedf-e2a9e82298fb">
    <Deployment runDeploymentRoot="Phillip_VOODOO 2013-07-01 22_32_21">
      <DeploymentItem filename="C:\Users\Phillip\Code\Goedel\Goedel.Protocol\bin\Debug\Goedel.Protocol.dll" />
    </Deployment>
    <Execution>
      <TestTypeSpecific />
      <AgentRule name="Execution Agents">
      </AgentRule>
    </Execution>
  </TestSettings>
  <Times creation="2013-07-01T22:32:21.8612000-04:00" queuing="2013-07-01T22:32:25.3562000-04:00" start="2013-07-01T22:32:25.6182000-04:00" finish="2013-07-01T22:32:28.6932000-04:00" />
  <ResultSummary outcome="Completed">
    <Counters total="5" executed="5" passed="5" error="0" failed="0" timeout="0" aborted="0" inconclusive="0" passedButRunAborted="0" notRunnable="0" notExecuted="0" disconnected="0" warning="0" completed="0" inProgress="0" pending="0" />
  </ResultSummary>
  <TestDefinitions>
    <UnitTest name="JSONWriterConstructorTest" storage="c:\users\phillip\code\goedel\goedel.protocol\testreader\bin\debug\testreader.dll" id="fc26d2e6-5699-2a7f-3a7c-3053d2b76fb8">
      <Execution id="c7f52e3b-cb0c-409d-898e-64cbfbf0dab8" />
      <TestMethod codeBase="C:/Users/Phillip/Code/Goedel/Goedel.Protocol/TestReader/bin/Debug/TestReader.DLL" adapterTypeName="Microsoft.VisualStudio.TestTools.TestTypes.Unit.UnitTestAdapter, Microsoft.VisualStudio.QualityTools.Tips.UnitTest.Adapter, Version=10.0.0.0, Culture=neutral, PublicKeyToken=b03f5f7f11d50a3a" className="TestReader.JSONWriterTest, TestReader, Version=1.0.0.0, Culture=neutral, PublicKeyToken=null" name="JSONWriterConstructorTest" />
    </UnitTest>
    <UnitTest name="GetCharTypeTest" storage="c:\users\phillip\code\goedel\goedel.protocol\testreader\bin\debug\testreader.dll" id="544c1720-8cd1-12b3-0dd5-c42432ad9f34">
      <DeploymentItems>
        <DeploymentItem filename="Goedel.Protocol.dll" />
      </DeploymentItems>
      <Execution id="345f3b41-6556-4405-a942-1899ce1b8bd8" />
      <TestMethod codeBase="C:/Users/Phillip/Code/Goedel/Goedel.Protocol/TestReader/bin/Debug/TestReader.DLL" adapterTypeName="Microsoft.VisualStudio.TestTools.TestTypes.Unit.UnitTestAdapter, Microsoft.VisualStudio.QualityTools.Tips.UnitTest.Adapter, Version=10.0.0.0, Culture=neutral, PublicKeyToken=b03f5f7f11d50a3a" className="TestReader.JSONReaderTest, TestReader, Version=1.0.0.0, Culture=neutral, PublicKeyToken=null" name="GetCharTypeTest" />
    </UnitTest>
    <UnitTest name="LexerTest" storage="c:\users\phillip\code\goedel\goedel.protocol\testreader\bin\debug\testreader.dll" id="06d5388e-1b9f-7b01-a3bd-8715375580a4">
      <DeploymentItems>
        <DeploymentItem filename="Goedel.Protocol.dll" />
      </DeploymentItems>
      <Execution id="5b695dfe-ae3c-44ea-a5a1-62ca2976735e" />
      <TestMethod codeBase="C:/Users/Phillip/Code/Goedel/Goedel.Protocol/TestReader/bin/Debug/TestReader.DLL" adapterTypeName="Microsoft.VisualStudio.TestTools.TestTypes.Unit.UnitTestAdapter, Microsoft.VisualStudio.QualityTools.Tips.UnitTest.Adapter, Version=10.0.0.0, Culture=neutral, PublicKeyToken=b03f5f7f11d50a3a" className="TestReader.JSONReaderTest, TestReader, Version=1.0.0.0, Culture=neutral, PublicKeyToken=null" name="LexerTest" />
    </UnitTest>
    <UnitTest name="JSONReaderConstructorTest1" storage="c:\users\phillip\code\goedel\goedel.protocol\testreader\bin\debug\testreader.dll" id="e3423050-bf5d-1f5d-ab16-247701b50242">
      <Execution id="d5fe7dc3-8544-4151-8a85-8ea8353a4d32" />
      <TestMethod codeBase="C:/Users/Phillip/Code/Goedel/Goedel.Protocol/TestReader/bin/Debug/TestReader.DLL" adapterTypeName="Microsoft.VisualStudio.TestTools.TestTypes.Unit.UnitTestAdapter, Microsoft.VisualStudio.QualityTools.Tips.UnitTest.Adapter, Version=10.0.0.0, Culture=neutral, PublicKeyToken=b03f5f7f11d50a3a" className="TestReader.JSONReaderTest, TestReader, Version=1.0.0.0, Culture=neutral, PublicKeyToken=null" name="JSONReaderConstructorTest1" />
    </UnitTest>
    <UnitTest name="JSONReaderConstructorTest" storage="c:\users\phillip\code\goedel\goedel.protocol\testreader\bin\debug\testreader.dll" id="d968fda8-9ff8-540d-3255-8d1e534276e6">
      <Execution id="5950b2ae-b480-463e-90c2-e658d6e0b0fb" />
      <TestMethod codeBase="C:/Users/Phillip/Code/Goedel/Goedel.Protocol/TestReader/bin/Debug/TestReader.DLL" adapterTypeName="Microsoft.VisualStudio.TestTools.TestTypes.Unit.UnitTestAdapter, Microsoft.VisualStudio.QualityTools.Tips.UnitTest.Adapter, Version=10.0.0.0, Culture=neutral, PublicKeyToken=b03f5f7f11d50a3a" className="TestReader.JSONReaderTest, TestReader, Version=1.0.0.0, Culture=neutral, PublicKeyToken=null" name="JSONReaderConstructorTest" />
    </UnitTest>
  </TestDefinitions>
  <TestLists>
    <TestList name="Results Not in a List" id="8c84fa94-04c1-424b-9868-57a2d4851a1d" />
    <TestList name="All Loaded Results" id="19431567-8539-422a-85d7-44ee4e166bda" />
  </TestLists>
  <TestEntries>
    <TestEntry testId="d968fda8-9ff8-540d-3255-8d1e534276e6" executionId="5950b2ae-b480-463e-90c2-e658d6e0b0fb" testListId="8c84fa94-04c1-424b-9868-57a2d4851a1d" />
    <TestEntry testId="544c1720-8cd1-12b3-0dd5-c42432ad9f34" executionId="345f3b41-6556-4405-a942-1899ce1b8bd8" testListId="8c84fa94-04c1-424b-9868-57a2d4851a1d" />
    <TestEntry testId="06d5388e-1b9f-7b01-a3bd-8715375580a4" executionId="5b695dfe-ae3c-44ea-a5a1-62ca2976735e" testListId="8c84fa94-04c1-424b-9868-57a2d4851a1d" />
    <TestEntry testId="e3423050-bf5d-1f5d-ab16-247701b50242" executionId="d5fe7dc3-8544-4151-8a85-8ea8353a4d32" testListId="8c84fa94-04c1-424b-9868-57a2d4851a1d" />
    <TestEntry testId="fc26d2e6-5699-2a7f-3a7c-3053d2b76fb8" executionId="c7f52e3b-cb0c-409d-898e-64cbfbf0dab8" testListId="8c84fa94-04c1-424b-9868-57a2d4851a1d" />
  </TestEntries>
  <Results>
    <UnitTestResult executionId="5950b2ae-b480-463e-90c2-e658d6e0b0fb" testId="d968fda8-9ff8-540d-3255-8d1e534276e6" testName="JSONReaderConstructorTest" computerName="VOODOO" duration="00:00:00.0313444" startTime="2013-07-01T22:32:25.7532000-04:00" endTime="2013-07-01T22:32:28.3142000-04:00" testType="13cdc9d9-ddb5-4fa4-a97d-d965ccfc6d4b" outcome="Passed" testListId="8c84fa94-04c1-424b-9868-57a2d4851a1d" relativeResultsDirectory="5950b2ae-b480-463e-90c2-e658d6e0b0fb">
    </UnitTestResult>
    <UnitTestResult executionId="345f3b41-6556-4405-a942-1899ce1b8bd8" testId="544c1720-8cd1-12b3-0dd5-c42432ad9f34" testName="GetCharTypeTest" computerName="VOODOO" duration="00:00:00.0016617" startTime="2013-07-01T22:32:28.3372000-04:00" endTime="2013-07-01T22:32:28.3452000-04:00" testType="13cdc9d9-ddb5-4fa4-a97d-d965ccfc6d4b" outcome="Passed" testListId="8c84fa94-04c1-424b-9868-57a2d4851a1d" relativeResultsDirectory="345f3b41-6556-4405-a942-1899ce1b8bd8">
    </UnitTestResult>
    <UnitTestResult executionId="5b695dfe-ae3c-44ea-a5a1-62ca2976735e" testId="06d5388e-1b9f-7b01-a3bd-8715375580a4" testName="LexerTest" computerName="VOODOO" duration="00:00:00.0055643" startTime="2013-07-01T22:32:28.3672000-04:00" endTime="2013-07-01T22:32:28.3862000-04:00" testType="13cdc9d9-ddb5-4fa4-a97d-d965ccfc6d4b" outcome="Passed" testListId="8c84fa94-04c1-424b-9868-57a2d4851a1d" relativeResultsDirectory="5b695dfe-ae3c-44ea-a5a1-62ca2976735e">
    </UnitTestResult>
    <UnitTestResult executionId="d5fe7dc3-8544-4151-8a85-8ea8353a4d32" testId="e3423050-bf5d-1f5d-ab16-247701b50242" testName="JSONReaderConstructorTest1" computerName="VOODOO" duration="00:00:00.0005833" startTime="2013-07-01T22:32:28.3932000-04:00" endTime="2013-07-01T22:32:28.3982000-04:00" testType="13cdc9d9-ddb5-4fa4-a97d-d965ccfc6d4b" outcome="Passed" testListId="8c84fa94-04c1-424b-9868-57a2d4851a1d" relativeResultsDirectory="d5fe7dc3-8544-4151-8a85-8ea8353a4d32">
    </UnitTestResult>
    <UnitTestResult executionId="c7f52e3b-cb0c-409d-898e-64cbfbf0dab8" testId="fc26d2e6-5699-2a7f-3a7c-3053d2b76fb8" testName="JSONWriterConstructorTest" computerName="VOODOO" duration="00:00:00.0007001" startTime="2013-07-01T22:32:28.4032000-04:00" endTime="2013-07-01T22:32:28.4092000-04:00" testType="13cdc9d9-ddb5-4fa4-a97d-d965ccfc6d4b" outcome="Passed" testListId="8c84fa94-04c1-424b-9868-57a2d4851a1d" relativeResultsDirectory="c7f52e3b-cb0c-409d-898e-64cbfbf0dab8">
    </UnitTestResult>
  </Results>
</TestRun>