<?xml version="1.0" encoding="UTF-8"?>
<TestRun id="099f0d96-cea3-4085-8a65-6d169a384c6c" name="Phillip@VOODOO 2012-08-06 17:18:49" runUser="Voodoo\Phillip" xmlns="http://microsoft.com/schemas/VisualStudio/TeamTest/2010">
  <TestSettings name="Default Test Settings" id="41eb87fb-0fb6-4fbe-90d1-aa2a0db2c057">
    <Deployment runDeploymentRoot="Phillip_VOODOO 2012-08-06 17_18_49">
      <DeploymentItem filename="C:\Users\Phillip\Code\Goedel\Goedel.Protocol\bin\Debug\Goedel.Protocol.dll" />
    </Deployment>
    <Execution>
      <TestTypeSpecific />
      <AgentRule name="Execution Agents">
      </AgentRule>
    </Execution>
  </TestSettings>
  <Times creation="2012-08-06T17:18:49.4320000-04:00" queuing="2012-08-06T17:18:51.4560000-04:00" start="2012-08-06T17:18:51.6320000-04:00" finish="2012-08-06T17:18:54.4420000-04:00" />
  <ResultSummary outcome="Completed">
    <Counters total="5" executed="5" passed="5" error="0" failed="0" timeout="0" aborted="0" inconclusive="0" passedButRunAborted="0" notRunnable="0" notExecuted="0" disconnected="0" warning="0" completed="0" inProgress="0" pending="0" />
  </ResultSummary>
  <TestDefinitions>
    <UnitTest name="JSONWriterConstructorTest" storage="c:\users\phillip\code\goedel\goedel.protocol\testreader\bin\debug\testreader.dll" id="fc26d2e6-5699-2a7f-3a7c-3053d2b76fb8">
      <Execution id="937facfb-0ede-4cb1-9573-f1c6648ece29" />
      <TestMethod codeBase="C:/Users/Phillip/Code/Goedel/Goedel.Protocol/TestReader/bin/Debug/TestReader.DLL" adapterTypeName="Microsoft.VisualStudio.TestTools.TestTypes.Unit.UnitTestAdapter, Microsoft.VisualStudio.QualityTools.Tips.UnitTest.Adapter, Version=10.0.0.0, Culture=neutral, PublicKeyToken=b03f5f7f11d50a3a" className="TestReader.JSONWriterTest, TestReader, Version=1.0.0.0, Culture=neutral, PublicKeyToken=null" name="JSONWriterConstructorTest" />
    </UnitTest>
    <UnitTest name="GetCharTypeTest" storage="c:\users\phillip\code\goedel\goedel.protocol\testreader\bin\debug\testreader.dll" id="544c1720-8cd1-12b3-0dd5-c42432ad9f34">
      <DeploymentItems>
        <DeploymentItem filename="Goedel.Protocol.dll" />
      </DeploymentItems>
      <Execution id="028b81a9-d71b-4f72-a747-8f0794a805ac" />
      <TestMethod codeBase="C:/Users/Phillip/Code/Goedel/Goedel.Protocol/TestReader/bin/Debug/TestReader.DLL" adapterTypeName="Microsoft.VisualStudio.TestTools.TestTypes.Unit.UnitTestAdapter, Microsoft.VisualStudio.QualityTools.Tips.UnitTest.Adapter, Version=10.0.0.0, Culture=neutral, PublicKeyToken=b03f5f7f11d50a3a" className="TestReader.JSONReaderTest, TestReader, Version=1.0.0.0, Culture=neutral, PublicKeyToken=null" name="GetCharTypeTest" />
    </UnitTest>
    <UnitTest name="LexerTest" storage="c:\users\phillip\code\goedel\goedel.protocol\testreader\bin\debug\testreader.dll" id="06d5388e-1b9f-7b01-a3bd-8715375580a4">
      <DeploymentItems>
        <DeploymentItem filename="Goedel.Protocol.dll" />
      </DeploymentItems>
      <Execution id="6dc95c6b-d59c-48c5-b727-d3a624758dc4" />
      <TestMethod codeBase="C:/Users/Phillip/Code/Goedel/Goedel.Protocol/TestReader/bin/Debug/TestReader.DLL" adapterTypeName="Microsoft.VisualStudio.TestTools.TestTypes.Unit.UnitTestAdapter, Microsoft.VisualStudio.QualityTools.Tips.UnitTest.Adapter, Version=10.0.0.0, Culture=neutral, PublicKeyToken=b03f5f7f11d50a3a" className="TestReader.JSONReaderTest, TestReader, Version=1.0.0.0, Culture=neutral, PublicKeyToken=null" name="LexerTest" />
    </UnitTest>
    <UnitTest name="JSONReaderConstructorTest1" storage="c:\users\phillip\code\goedel\goedel.protocol\testreader\bin\debug\testreader.dll" id="e3423050-bf5d-1f5d-ab16-247701b50242">
      <Execution id="bab741dc-fe03-40fc-a18a-51d53f7dcf61" />
      <TestMethod codeBase="C:/Users/Phillip/Code/Goedel/Goedel.Protocol/TestReader/bin/Debug/TestReader.DLL" adapterTypeName="Microsoft.VisualStudio.TestTools.TestTypes.Unit.UnitTestAdapter, Microsoft.VisualStudio.QualityTools.Tips.UnitTest.Adapter, Version=10.0.0.0, Culture=neutral, PublicKeyToken=b03f5f7f11d50a3a" className="TestReader.JSONReaderTest, TestReader, Version=1.0.0.0, Culture=neutral, PublicKeyToken=null" name="JSONReaderConstructorTest1" />
    </UnitTest>
    <UnitTest name="JSONReaderConstructorTest" storage="c:\users\phillip\code\goedel\goedel.protocol\testreader\bin\debug\testreader.dll" id="d968fda8-9ff8-540d-3255-8d1e534276e6">
      <Execution id="47e37fab-77a2-4ce2-b9f5-228c0eb64063" />
      <TestMethod codeBase="C:/Users/Phillip/Code/Goedel/Goedel.Protocol/TestReader/bin/Debug/TestReader.DLL" adapterTypeName="Microsoft.VisualStudio.TestTools.TestTypes.Unit.UnitTestAdapter, Microsoft.VisualStudio.QualityTools.Tips.UnitTest.Adapter, Version=10.0.0.0, Culture=neutral, PublicKeyToken=b03f5f7f11d50a3a" className="TestReader.JSONReaderTest, TestReader, Version=1.0.0.0, Culture=neutral, PublicKeyToken=null" name="JSONReaderConstructorTest" />
    </UnitTest>
  </TestDefinitions>
  <TestLists>
    <TestList name="Results Not in a List" id="8c84fa94-04c1-424b-9868-57a2d4851a1d" />
    <TestList name="All Loaded Results" id="19431567-8539-422a-85d7-44ee4e166bda" />
  </TestLists>
  <TestEntries>
    <TestEntry testId="d968fda8-9ff8-540d-3255-8d1e534276e6" executionId="47e37fab-77a2-4ce2-b9f5-228c0eb64063" testListId="8c84fa94-04c1-424b-9868-57a2d4851a1d" />
    <TestEntry testId="544c1720-8cd1-12b3-0dd5-c42432ad9f34" executionId="028b81a9-d71b-4f72-a747-8f0794a805ac" testListId="8c84fa94-04c1-424b-9868-57a2d4851a1d" />
    <TestEntry testId="06d5388e-1b9f-7b01-a3bd-8715375580a4" executionId="6dc95c6b-d59c-48c5-b727-d3a624758dc4" testListId="8c84fa94-04c1-424b-9868-57a2d4851a1d" />
    <TestEntry testId="e3423050-bf5d-1f5d-ab16-247701b50242" executionId="bab741dc-fe03-40fc-a18a-51d53f7dcf61" testListId="8c84fa94-04c1-424b-9868-57a2d4851a1d" />
    <TestEntry testId="fc26d2e6-5699-2a7f-3a7c-3053d2b76fb8" executionId="937facfb-0ede-4cb1-9573-f1c6648ece29" testListId="8c84fa94-04c1-424b-9868-57a2d4851a1d" />
  </TestEntries>
  <Results>
    <UnitTestResult executionId="47e37fab-77a2-4ce2-b9f5-228c0eb64063" testId="d968fda8-9ff8-540d-3255-8d1e534276e6" testName="JSONReaderConstructorTest" computerName="VOODOO" duration="00:00:00.0211688" startTime="2012-08-06T17:18:51.6890000-04:00" endTime="2012-08-06T17:18:54.3230000-04:00" testType="13cdc9d9-ddb5-4fa4-a97d-d965ccfc6d4b" outcome="Passed" testListId="8c84fa94-04c1-424b-9868-57a2d4851a1d" relativeResultsDirectory="47e37fab-77a2-4ce2-b9f5-228c0eb64063">
    </UnitTestResult>
    <UnitTestResult executionId="028b81a9-d71b-4f72-a747-8f0794a805ac" testId="544c1720-8cd1-12b3-0dd5-c42432ad9f34" testName="GetCharTypeTest" computerName="VOODOO" duration="00:00:00.0016847" startTime="2012-08-06T17:18:54.3320000-04:00" endTime="2012-08-06T17:18:54.3410000-04:00" testType="13cdc9d9-ddb5-4fa4-a97d-d965ccfc6d4b" outcome="Passed" testListId="8c84fa94-04c1-424b-9868-57a2d4851a1d" relativeResultsDirectory="028b81a9-d71b-4f72-a747-8f0794a805ac">
    </UnitTestResult>
    <UnitTestResult executionId="6dc95c6b-d59c-48c5-b727-d3a624758dc4" testId="06d5388e-1b9f-7b01-a3bd-8715375580a4" testName="LexerTest" computerName="VOODOO" duration="00:00:00.0055221" startTime="2012-08-06T17:18:54.3510000-04:00" endTime="2012-08-06T17:18:54.3610000-04:00" testType="13cdc9d9-ddb5-4fa4-a97d-d965ccfc6d4b" outcome="Passed" testListId="8c84fa94-04c1-424b-9868-57a2d4851a1d" relativeResultsDirectory="6dc95c6b-d59c-48c5-b727-d3a624758dc4">
    </UnitTestResult>
    <UnitTestResult executionId="bab741dc-fe03-40fc-a18a-51d53f7dcf61" testId="e3423050-bf5d-1f5d-ab16-247701b50242" testName="JSONReaderConstructorTest1" computerName="VOODOO" duration="00:00:00.0006073" startTime="2012-08-06T17:18:54.3670000-04:00" endTime="2012-08-06T17:18:54.3740000-04:00" testType="13cdc9d9-ddb5-4fa4-a97d-d965ccfc6d4b" outcome="Passed" testListId="8c84fa94-04c1-424b-9868-57a2d4851a1d" relativeResultsDirectory="bab741dc-fe03-40fc-a18a-51d53f7dcf61">
    </UnitTestResult>
    <UnitTestResult executionId="937facfb-0ede-4cb1-9573-f1c6648ece29" testId="fc26d2e6-5699-2a7f-3a7c-3053d2b76fb8" testName="JSONWriterConstructorTest" computerName="VOODOO" duration="00:00:00.0007014" startTime="2012-08-06T17:18:54.3810000-04:00" endTime="2012-08-06T17:18:54.3870000-04:00" testType="13cdc9d9-ddb5-4fa4-a97d-d965ccfc6d4b" outcome="Passed" testListId="8c84fa94-04c1-424b-9868-57a2d4851a1d" relativeResultsDirectory="937facfb-0ede-4cb1-9573-f1c6648ece29">
    </UnitTestResult>
  </Results>
</TestRun>