<?xml version="1.0" encoding="UTF-8"?>
<TestRun id="f1364cb0-95d3-401f-8e3a-3544a4057dc4" name="Phillip@VOODOO 2013-06-27 14:52:59" runUser="Voodoo\Phillip" xmlns="http://microsoft.com/schemas/VisualStudio/TeamTest/2010">
  <TestSettings name="Default Test Settings" id="3d03bc8c-b962-4d1d-8007-da61bbb6f00a">
    <Deployment runDeploymentRoot="Phillip_VOODOO 2013-06-27 14_52_59">
      <DeploymentItem filename="C:\Users\Phillip\Code\Goedel\Goedel.Protocol\bin\Debug\Goedel.Protocol.dll" />
    </Deployment>
    <Execution>
      <TestTypeSpecific />
      <AgentRule name="Execution Agents">
      </AgentRule>
    </Execution>
  </TestSettings>
  <Times creation="2013-06-27T14:52:59.3180000-04:00" queuing="2013-06-27T14:53:00.8620000-04:00" start="2013-06-27T14:53:00.9340000-04:00" finish="2013-06-27T14:53:03.6130000-04:00" />
  <ResultSummary outcome="Completed">
    <Counters total="5" executed="5" passed="5" error="0" failed="0" timeout="0" aborted="0" inconclusive="0" passedButRunAborted="0" notRunnable="0" notExecuted="0" disconnected="0" warning="0" completed="0" inProgress="0" pending="0" />
  </ResultSummary>
  <TestDefinitions>
    <UnitTest name="JSONWriterConstructorTest" storage="c:\users\phillip\code\goedel\goedel.protocol\testreader\bin\debug\testreader.dll" id="fc26d2e6-5699-2a7f-3a7c-3053d2b76fb8">
      <Execution id="e83a2702-7871-41d6-b25a-17da3c116191" />
      <TestMethod codeBase="C:/Users/Phillip/Code/Goedel/Goedel.Protocol/TestReader/bin/Debug/TestReader.DLL" adapterTypeName="Microsoft.VisualStudio.TestTools.TestTypes.Unit.UnitTestAdapter, Microsoft.VisualStudio.QualityTools.Tips.UnitTest.Adapter, Version=10.0.0.0, Culture=neutral, PublicKeyToken=b03f5f7f11d50a3a" className="TestReader.JSONWriterTest, TestReader, Version=1.0.0.0, Culture=neutral, PublicKeyToken=null" name="JSONWriterConstructorTest" />
    </UnitTest>
    <UnitTest name="GetCharTypeTest" storage="c:\users\phillip\code\goedel\goedel.protocol\testreader\bin\debug\testreader.dll" id="544c1720-8cd1-12b3-0dd5-c42432ad9f34">
      <DeploymentItems>
        <DeploymentItem filename="Goedel.Protocol.dll" />
      </DeploymentItems>
      <Execution id="d4de35e5-482c-467e-b12f-e06a4ef33a63" />
      <TestMethod codeBase="C:/Users/Phillip/Code/Goedel/Goedel.Protocol/TestReader/bin/Debug/TestReader.DLL" adapterTypeName="Microsoft.VisualStudio.TestTools.TestTypes.Unit.UnitTestAdapter, Microsoft.VisualStudio.QualityTools.Tips.UnitTest.Adapter, Version=10.0.0.0, Culture=neutral, PublicKeyToken=b03f5f7f11d50a3a" className="TestReader.JSONReaderTest, TestReader, Version=1.0.0.0, Culture=neutral, PublicKeyToken=null" name="GetCharTypeTest" />
    </UnitTest>
    <UnitTest name="LexerTest" storage="c:\users\phillip\code\goedel\goedel.protocol\testreader\bin\debug\testreader.dll" id="06d5388e-1b9f-7b01-a3bd-8715375580a4">
      <DeploymentItems>
        <DeploymentItem filename="Goedel.Protocol.dll" />
      </DeploymentItems>
      <Execution id="e2367094-fb5f-4e0c-ac60-cdbc05f63a34" />
      <TestMethod codeBase="C:/Users/Phillip/Code/Goedel/Goedel.Protocol/TestReader/bin/Debug/TestReader.DLL" adapterTypeName="Microsoft.VisualStudio.TestTools.TestTypes.Unit.UnitTestAdapter, Microsoft.VisualStudio.QualityTools.Tips.UnitTest.Adapter, Version=10.0.0.0, Culture=neutral, PublicKeyToken=b03f5f7f11d50a3a" className="TestReader.JSONReaderTest, TestReader, Version=1.0.0.0, Culture=neutral, PublicKeyToken=null" name="LexerTest" />
    </UnitTest>
    <UnitTest name="JSONReaderConstructorTest1" storage="c:\users\phillip\code\goedel\goedel.protocol\testreader\bin\debug\testreader.dll" id="e3423050-bf5d-1f5d-ab16-247701b50242">
      <Execution id="32f5aaeb-b486-4a20-a202-e5d8e21687df" />
      <TestMethod codeBase="C:/Users/Phillip/Code/Goedel/Goedel.Protocol/TestReader/bin/Debug/TestReader.DLL" adapterTypeName="Microsoft.VisualStudio.TestTools.TestTypes.Unit.UnitTestAdapter, Microsoft.VisualStudio.QualityTools.Tips.UnitTest.Adapter, Version=10.0.0.0, Culture=neutral, PublicKeyToken=b03f5f7f11d50a3a" className="TestReader.JSONReaderTest, TestReader, Version=1.0.0.0, Culture=neutral, PublicKeyToken=null" name="JSONReaderConstructorTest1" />
    </UnitTest>
    <UnitTest name="JSONReaderConstructorTest" storage="c:\users\phillip\code\goedel\goedel.protocol\testreader\bin\debug\testreader.dll" id="d968fda8-9ff8-540d-3255-8d1e534276e6">
      <Execution id="1b931b77-0570-4d5a-8329-3a40adc856a2" />
      <TestMethod codeBase="C:/Users/Phillip/Code/Goedel/Goedel.Protocol/TestReader/bin/Debug/TestReader.DLL" adapterTypeName="Microsoft.VisualStudio.TestTools.TestTypes.Unit.UnitTestAdapter, Microsoft.VisualStudio.QualityTools.Tips.UnitTest.Adapter, Version=10.0.0.0, Culture=neutral, PublicKeyToken=b03f5f7f11d50a3a" className="TestReader.JSONReaderTest, TestReader, Version=1.0.0.0, Culture=neutral, PublicKeyToken=null" name="JSONReaderConstructorTest" />
    </UnitTest>
  </TestDefinitions>
  <TestLists>
    <TestList name="Results Not in a List" id="8c84fa94-04c1-424b-9868-57a2d4851a1d" />
    <TestList name="All Loaded Results" id="19431567-8539-422a-85d7-44ee4e166bda" />
  </TestLists>
  <TestEntries>
    <TestEntry testId="d968fda8-9ff8-540d-3255-8d1e534276e6" executionId="1b931b77-0570-4d5a-8329-3a40adc856a2" testListId="8c84fa94-04c1-424b-9868-57a2d4851a1d" />
    <TestEntry testId="544c1720-8cd1-12b3-0dd5-c42432ad9f34" executionId="d4de35e5-482c-467e-b12f-e06a4ef33a63" testListId="8c84fa94-04c1-424b-9868-57a2d4851a1d" />
    <TestEntry testId="06d5388e-1b9f-7b01-a3bd-8715375580a4" executionId="e2367094-fb5f-4e0c-ac60-cdbc05f63a34" testListId="8c84fa94-04c1-424b-9868-57a2d4851a1d" />
    <TestEntry testId="e3423050-bf5d-1f5d-ab16-247701b50242" executionId="32f5aaeb-b486-4a20-a202-e5d8e21687df" testListId="8c84fa94-04c1-424b-9868-57a2d4851a1d" />
    <TestEntry testId="fc26d2e6-5699-2a7f-3a7c-3053d2b76fb8" executionId="e83a2702-7871-41d6-b25a-17da3c116191" testListId="8c84fa94-04c1-424b-9868-57a2d4851a1d" />
  </TestEntries>
  <Results>
    <UnitTestResult executionId="1b931b77-0570-4d5a-8329-3a40adc856a2" testId="d968fda8-9ff8-540d-3255-8d1e534276e6" testName="JSONReaderConstructorTest" computerName="VOODOO" duration="00:00:00.0218518" startTime="2013-06-27T14:53:00.9840000-04:00" endTime="2013-06-27T14:53:03.4770000-04:00" testType="13cdc9d9-ddb5-4fa4-a97d-d965ccfc6d4b" outcome="Passed" testListId="8c84fa94-04c1-424b-9868-57a2d4851a1d" relativeResultsDirectory="1b931b77-0570-4d5a-8329-3a40adc856a2">
    </UnitTestResult>
    <UnitTestResult executionId="d4de35e5-482c-467e-b12f-e06a4ef33a63" testId="544c1720-8cd1-12b3-0dd5-c42432ad9f34" testName="GetCharTypeTest" computerName="VOODOO" duration="00:00:00.0018066" startTime="2013-06-27T14:53:03.4890000-04:00" endTime="2013-06-27T14:53:03.4990000-04:00" testType="13cdc9d9-ddb5-4fa4-a97d-d965ccfc6d4b" outcome="Passed" testListId="8c84fa94-04c1-424b-9868-57a2d4851a1d" relativeResultsDirectory="d4de35e5-482c-467e-b12f-e06a4ef33a63">
    </UnitTestResult>
    <UnitTestResult executionId="e2367094-fb5f-4e0c-ac60-cdbc05f63a34" testId="06d5388e-1b9f-7b01-a3bd-8715375580a4" testName="LexerTest" computerName="VOODOO" duration="00:00:00.0061419" startTime="2013-06-27T14:53:03.5070000-04:00" endTime="2013-06-27T14:53:03.5200000-04:00" testType="13cdc9d9-ddb5-4fa4-a97d-d965ccfc6d4b" outcome="Passed" testListId="8c84fa94-04c1-424b-9868-57a2d4851a1d" relativeResultsDirectory="e2367094-fb5f-4e0c-ac60-cdbc05f63a34">
    </UnitTestResult>
    <UnitTestResult executionId="32f5aaeb-b486-4a20-a202-e5d8e21687df" testId="e3423050-bf5d-1f5d-ab16-247701b50242" testName="JSONReaderConstructorTest1" computerName="VOODOO" duration="00:00:00.0007203" startTime="2013-06-27T14:53:03.5300000-04:00" endTime="2013-06-27T14:53:03.5370000-04:00" testType="13cdc9d9-ddb5-4fa4-a97d-d965ccfc6d4b" outcome="Passed" testListId="8c84fa94-04c1-424b-9868-57a2d4851a1d" relativeResultsDirectory="32f5aaeb-b486-4a20-a202-e5d8e21687df">
    </UnitTestResult>
    <UnitTestResult executionId="e83a2702-7871-41d6-b25a-17da3c116191" testId="fc26d2e6-5699-2a7f-3a7c-3053d2b76fb8" testName="JSONWriterConstructorTest" computerName="VOODOO" duration="00:00:00.0007107" startTime="2013-06-27T14:53:03.5450000-04:00" endTime="2013-06-27T14:53:03.5520000-04:00" testType="13cdc9d9-ddb5-4fa4-a97d-d965ccfc6d4b" outcome="Passed" testListId="8c84fa94-04c1-424b-9868-57a2d4851a1d" relativeResultsDirectory="e83a2702-7871-41d6-b25a-17da3c116191">
    </UnitTestResult>
  </Results>
</TestRun>